#-----------------------------------------------------------
# Vivado v2018.2 (64-bit)
# SW Build 2258646 on Thu Jun 14 20:03:12 MDT 2018
# IP Build 2256618 on Thu Jun 14 22:10:49 MDT 2018
# Start of session at: Thu Apr 10 01:20:49 2025
# Process ID: 2272
# Current directory: C:/Users/iiHAK/Downloads/ArcProj1M1-main/ArcProj1M1-main - Copy/ArcProj1M1
# Command line: vivado.exe -gui_launcher_event rodinguilauncherevent27060 C:\Users\iiHAK\Downloads\ArcProj1M1-main\ArcProj1M1-main - Copy\ArcProj1M1\ArcProj1M1.xpr
# Log file: C:/Users/iiHAK/Downloads/ArcProj1M1-main/ArcProj1M1-main - Copy/ArcProj1M1/vivado.log
# Journal file: C:/Users/iiHAK/Downloads/ArcProj1M1-main/ArcProj1M1-main - Copy/ArcProj1M1\vivado.jou
#-----------------------------------------------------------
start_gui
open_project {C:/Users/iiHAK/Downloads/ArcProj1M1-main/ArcProj1M1-main - Copy/ArcProj1M1/ArcProj1M1.xpr}
launch_simulation
open_wave_config {C:/Users/iiHAK/Downloads/ArcProj1M1-main/ArcProj1M1-main - Copy/ArcProj1M1/Simulation_behav.wcfg}
source Simulation.tcl
update_compile_order -fileset sources_1
relaunch_sim
close_sim
